[backblue.gif]
[fade.gif]
[index.html]
[themes247.net/html5/construction-template/demo/assets/icon/favicon.png]
[themes247.net/html5/construction-template/demo/assets/icon/apple-touch-icon-158-precomposed.png]
[themes247.net/html5/construction-template/demo/assets/img/logo.png]
[themes247.net/html5/construction-template/demo/assets/img/shop-item.png]
[themes247.net/html5/construction-template/demo/assets/img/slider/6.jpg]
[themes247.net/html5/construction-template/demo/assets/img/slider/7.jpg]
[themes247.net/html5/construction-template/demo/assets/img/projects/1.jpg]
[themes247.net/html5/construction-template/demo/assets/img/projects/1-full.jpg]
[themes247.net/html5/construction-template/demo/assets/img/projects/2.jpg]
[themes247.net/html5/construction-template/demo/assets/img/projects/2-full.jpg]
[themes247.net/html5/construction-template/demo/assets/img/projects/3.jpg]
[themes247.net/html5/construction-template/demo/assets/img/projects/3-full.jpg]
[themes247.net/html5/construction-template/demo/assets/img/projects/4.jpg]
[themes247.net/html5/construction-template/demo/assets/img/projects/4-full.jpg]
[themes247.net/html5/construction-template/demo/assets/img/projects/5.jpg]
[themes247.net/html5/construction-template/demo/assets/img/projects/5-full.jpg]
[themes247.net/html5/construction-template/demo/assets/img/projects/6.jpg]
[themes247.net/html5/construction-template/demo/assets/img/projects/6-full.jpg]
[themes247.net/html5/construction-template/demo/assets/img/projects/7.jpg]
[themes247.net/html5/construction-template/demo/assets/img/projects/7-full.jpg]
[themes247.net/html5/construction-template/demo/assets/img/projects/8.jpg]
[themes247.net/html5/construction-template/demo/assets/img/projects/8-full.jpg]
[themes247.net/html5/construction-template/demo/assets/img/gallery/1.jpg]
[themes247.net/html5/construction-template/demo/assets/img/gallery/2.jpg]
[themes247.net/html5/construction-template/demo/assets/img/gallery/3.jpg]
[themes247.net/html5/construction-template/demo/assets/img/gallery/4.jpg]
[themes247.net/html5/construction-template/demo/assets/img/gallery/1-s.jpg]
[themes247.net/html5/construction-template/demo/assets/img/gallery/2-s.jpg]
[themes247.net/html5/construction-template/demo/assets/img/gallery/3-s.jpg]
[themes247.net/html5/construction-template/demo/assets/img/gallery/4-s.jpg]
[themes247.net/html5/construction-template/demo/assets/img/services/1.jpg]
[themes247.net/html5/construction-template/demo/assets/img/services/2.jpg]
[themes247.net/html5/construction-template/demo/assets/img/services/3.jpg]
[themes247.net/html5/construction-template/demo/assets/img/partners/1.png]
[themes247.net/html5/construction-template/demo/assets/img/partners/2.png]
[themes247.net/html5/construction-template/demo/assets/img/partners/3.png]
[themes247.net/html5/construction-template/demo/assets/img/partners/4.png]
[themes247.net/html5/construction-template/demo/assets/img/partners/5.png]
[themes247.net/html5/construction-template/demo/assets/img/partners/6.png]
[themes247.net/html5/construction-template/demo/assets/img/testimonials/1.jpg]
[themes247.net/html5/construction-template/demo/assets/img/testimonials/2.jpg]
[themes247.net/html5/construction-template/demo/assets/img/testimonials/3.jpg]
[themes247.net/html5/construction-template/demo/assets/img/logo-light@2x.png]
[themes247.net/html5/construction-template/demo/assets/js/jquery.min.js]
[themes247.net/html5/construction-template/demo/assets/js/bootstrap.min.js]
[themes247.net/html5/construction-template/demo/assets/js/animsition.js]
[themes247.net/html5/construction-template/demo/assets/js/plugins.js]
[themes247.net/html5/construction-template/demo/assets/js/countTo.js]
[themes247.net/html5/construction-template/demo/assets/js/flexslider.js]
[themes247.net/html5/construction-template/demo/assets/js/cube.portfolio.js]
[themes247.net/html5/construction-template/demo/assets/js/main.js]
[themes247.net/html5/construction-template/demo/includes/rev-slider/js/jquery.themepunch.tools.min.js]
[themes247.net/html5/construction-template/demo/includes/rev-slider/js/jquery.themepunch.revolution.min.js]
[themes247.net/html5/construction-template/demo/assets/js/rev-slider.js]
[themes247.net/html5/construction-template/demo/includes/rev-slider/js/extensions/revolution.extension.actions.min.js]
[themes247.net/html5/construction-template/demo/includes/rev-slider/js/extensions/revolution.extension.carousel.min.js]
[themes247.net/html5/construction-template/demo/includes/rev-slider/js/extensions/revolution.extension.kenburn.min.js]
[themes247.net/html5/construction-template/demo/includes/rev-slider/js/extensions/revolution.extension.layeranimation.min.js]
[themes247.net/html5/construction-template/demo/includes/rev-slider/js/extensions/revolution.extension.migration.min.js]
[themes247.net/html5/construction-template/demo/includes/rev-slider/js/extensions/revolution.extension.navigation.min.js]
[themes247.net/html5/construction-template/demo/includes/rev-slider/js/extensions/revolution.extension.parallax.min.js]
[themes247.net/html5/construction-template/demo/includes/rev-slider/js/extensions/revolution.extension.slideanims.min.js]
[themes247.net/html5/construction-template/demo/includes/rev-slider/js/extensions/revolution.extension.video.min.js]
[themes247.net/html5/construction-template/demo/home-slider-simple.html]
[themes247.net/html5/construction-template/demo/assets/img/map-small.png]
[themes247.net/html5/construction-template/demo/assets/img/5-stars@2x.png]
[themes247.net/html5/construction-template/demo/style.css]
[themes247.net/html5/construction-template/demo/assets/img/logo-light.png]
[themes247.net/html5/construction-template/demo/assets/img/slider/1.jpg]
[themes247.net/html5/construction-template/demo/assets/img/slider/2.jpg]
[themes247.net/html5/construction-template/demo/home-slider-full-screen.html]
[themes247.net/html5/construction-template/demo/assets/js/fitText.js]
[themes247.net/html5/construction-template/demo/assets/js/vegas.js]
[themes247.net/html5/construction-template/demo/home-hero-slideshow.html]
[themes247.net/html5/construction-template/demo/assets/js/typed.js]
[themes247.net/html5/construction-template/demo/home-hero-slideshow-2.html]
[themes247.net/html5/construction-template/demo/home-header-fixed.html]
[themes247.net/html5/construction-template/demo/assets/img/slider/8.jpg]
[themes247.net/html5/construction-template/demo/assets/img/slider/9.jpg]
[themes247.net/html5/construction-template/demo/assets/img/projects/1r.jpg]
[themes247.net/html5/construction-template/demo/assets/img/projects/2r.jpg]
[themes247.net/html5/construction-template/demo/assets/img/projects/3r.jpg]
[themes247.net/html5/construction-template/demo/assets/img/projects/4r.jpg]
[themes247.net/html5/construction-template/demo/assets/img/projects/5r.jpg]
[themes247.net/html5/construction-template/demo/assets/img/projects/6r.jpg]
[themes247.net/html5/construction-template/demo/assets/img/projects/7r.jpg]
[themes247.net/html5/construction-template/demo/assets/img/projects/8r.jpg]
[themes247.net/html5/construction-template/demo/assets/img/group.jpg]
[themes247.net/html5/construction-template/demo/assets/img/partners/7.png]
[themes247.net/html5/construction-template/demo/assets/img/partners/8.png]
[themes247.net/html5/construction-template/demo/assets/img/partners/9.png]
[themes247.net/html5/construction-template/demo/assets/img/partners/10.png]
[themes247.net/html5/construction-template/demo/assets/img/partners/11.png]
[themes247.net/html5/construction-template/demo/assets/img/partners/12.png]
[themes247.net/html5/construction-template/demo/assets/img/partners/13.png]
[themes247.net/html5/construction-template/demo/assets/js/owlCarousel.js]
[themes247.net/html5/construction-template/demo/home-2-slider-simple.html]
[themes247.net/html5/construction-template/demo/assets/img/services/7.jpg]
[themes247.net/html5/construction-template/demo/assets/img/services/9.jpg]
[themes247.net/html5/construction-template/demo/assets/img/services/8.jpg]
[themes247.net/html5/construction-template/demo/assets/img/services/10.jpg]
[themes247.net/html5/construction-template/demo/home-3-hero-slideshow.html]
[themes247.net/html5/construction-template/demo/assets/js/validate.js]
[themes247.net/html5/construction-template/demo/assets/js/gmap3.min.js]
[themes247.net/html5/construction-template/demo/page-contact.html]
[themes247.net/html5/construction-template/demo/assets/img/team/1.jpg]
[themes247.net/html5/construction-template/demo/assets/img/team/2.jpg]
[themes247.net/html5/construction-template/demo/assets/img/team/3.jpg]
[themes247.net/html5/construction-template/demo/assets/img/team/4.jpg]
[themes247.net/html5/construction-template/demo/assets/img/team/5.jpg]
[themes247.net/html5/construction-template/demo/page-about.html]
[themes247.net/html5/construction-template/demo/page-about-2.html]
[themes247.net/html5/construction-template/demo/assets/img/services/4.jpg]
[themes247.net/html5/construction-template/demo/assets/img/services/5.jpg]
[themes247.net/html5/construction-template/demo/assets/img/services/6.jpg]
[themes247.net/html5/construction-template/demo/page-services.html]
[themes247.net/html5/construction-template/demo/assets/img/worker.png]
[themes247.net/html5/construction-template/demo/page-services-2.html]
[themes247.net/html5/construction-template/demo/page-service-detail.html]
[themes247.net/html5/construction-template/demo/page-shop.html]
[themes247.net/html5/construction-template/demo/page-shop-single.html]
[themes247.net/html5/construction-template/demo/page-shop-cart.html]
[themes247.net/html5/construction-template/demo/assets/img/news/1.jpg]
[themes247.net/html5/construction-template/demo/assets/img/avatar.png]
[themes247.net/html5/construction-template/demo/assets/img/news/1s.jpg]
[themes247.net/html5/construction-template/demo/assets/img/news/2s.jpg]
[themes247.net/html5/construction-template/demo/assets/img/news/3s.jpg]
[themes247.net/html5/construction-template/demo/blog-single.html]
[themes247.net/html5/construction-template/demo/icons.html]
[themes247.net/html5/construction-template/demo/buttons.html]
[themes247.net/html5/construction-template/demo/toggles.html]
[themes247.net/html5/construction-template/demo/typography.html]
[themes247.net/html5/construction-template/demo/galleries.html]
[themes247.net/html5/construction-template/demo/iconboxs.html]
[themes247.net/html5/construction-template/demo/page-portfolio-grid.html]
[themes247.net/html5/construction-template/demo/page-portfolio-grid-fullwidth.html]
[themes247.net/html5/construction-template/demo/page-portfolio-slider.html]
[themes247.net/html5/construction-template/demo/page-portfolio-slider-fullwidth.html]
[themes247.net/html5/construction-template/demo/assets/img/gallery/p-1.jpg]
[themes247.net/html5/construction-template/demo/assets/img/gallery/p-2.jpg]
[themes247.net/html5/construction-template/demo/assets/img/gallery/p-3.jpg]
[themes247.net/html5/construction-template/demo/assets/img/gallery/p-1-s.jpg]
[themes247.net/html5/construction-template/demo/assets/img/gallery/p-2-s.jpg]
[themes247.net/html5/construction-template/demo/assets/img/gallery/p-3-s.jpg]
[themes247.net/html5/construction-template/demo/page-project-detail.html]
[themes247.net/html5/construction-template/demo/page-project-detail-2.html]
[themes247.net/html5/construction-template/demo/page-project-detail-3.html]
[themes247.net/html5/construction-template/demo/assets/img/projects/9.jpg]
[themes247.net/html5/construction-template/demo/assets/img/projects/10.jpg]
[themes247.net/html5/construction-template/demo/assets/img/projects/11.jpg]
[themes247.net/html5/construction-template/demo/page-project-detail-4.html]
[themes247.net/html5/construction-template/demo/assets/img/news/2.jpg]
[themes247.net/html5/construction-template/demo/assets/img/news/3.jpg]
[themes247.net/html5/construction-template/demo/blog.html]
[themes247.net/html5/construction-template/demo/assets/font/bootstrap/glyphicons-halflings-regular.eot]
[themes247.net/html5/construction-template/demo/assets/font/bootstrap/glyphicons-halflings-regulard41d.eot]
[themes247.net/html5/construction-template/demo/assets/font/bootstrap/glyphicons-halflings-regular.woff2]
[themes247.net/html5/construction-template/demo/assets/font/bootstrap/glyphicons-halflings-regular.woff]
[themes247.net/html5/construction-template/demo/assets/font/bootstrap/glyphicons-halflings-regular.ttf]
[themes247.net/html5/construction-template/demo/assets/css/bootstrap.min.css]
[themes247.net/html5/construction-template/demo/assets/css/animsition.css]
[themes247.net/html5/construction-template/demo/assets/css/animate.css]
[themes247.net/html5/construction-template/demo/assets/font/construction/fontello79ad.eot]
[themes247.net/html5/construction-template/demo/assets/font/construction/fontello79ad.woff2]
[themes247.net/html5/construction-template/demo/assets/font/construction/fontello79ad.woff]
[themes247.net/html5/construction-template/demo/assets/font/construction/fontello79ad.ttf]
[themes247.net/html5/construction-template/demo/assets/css/fontello.css]
[themes247.net/html5/construction-template/demo/assets/font/fontawesome/fontawesome-webfont3e6e.eot]
[themes247.net/html5/construction-template/demo/assets/font/fontawesome/fontawesome-webfontd41d.eot]
[themes247.net/html5/construction-template/demo/assets/font/fontawesome/fontawesome-webfont3e6e.woff2]
[themes247.net/html5/construction-template/demo/assets/font/fontawesome/fontawesome-webfont3e6e.woff]
[themes247.net/html5/construction-template/demo/assets/font/fontawesome/fontawesome-webfont3e6e.ttf]
[themes247.net/html5/construction-template/demo/assets/css/font-awesome.min.css]
[themes247.net/html5/construction-template/demo/assets/css/owl.carousel.css]
[themes247.net/html5/construction-template/demo/assets/css/cubeportfolio.min.css]
[themes247.net/html5/construction-template/demo/assets/css/magnific-popup.css]
[themes247.net/html5/construction-template/demo/assets/css/flexslider.css]
[themes247.net/html5/construction-template/demo/assets/img/overlays/02.png]
[themes247.net/html5/construction-template/demo/assets/css/vegas.css]
[themes247.net/html5/construction-template/demo/includes/rev-slider/fonts/revicons/revicons90c690c6.eot]
[themes247.net/html5/construction-template/demo/includes/rev-slider/fonts/revicons/revicons90c690c6.woff]
[themes247.net/html5/construction-template/demo/includes/rev-slider/fonts/revicons/revicons90c690c6.ttf]
[themes247.net/html5/construction-template/demo/includes/rev-slider/css/openhand.123]
[themes247.net/html5/construction-template/demo/includes/rev-slider/css/closedhand.123]
[themes247.net/html5/construction-template/demo/includes/rev-slider/assets/gridtile.png]
[themes247.net/html5/construction-template/demo/includes/rev-slider/assets/gridtile_white.png]
[themes247.net/html5/construction-template/demo/includes/rev-slider/assets/gridtile_3x3.png]
[themes247.net/html5/construction-template/demo/includes/rev-slider/assets/gridtile_3x3_white.png]
[themes247.net/html5/construction-template/demo/includes/rev-slider/assets/coloredbg.png]
[themes247.net/html5/construction-template/demo/includes/rev-slider/assets/loader.gif]
[themes247.net/html5/construction-template/demo/includes/rev-slider/css/settings.css]
[themes247.net/html5/construction-template/demo/includes/rev-slider/css/layers.css]
[themes247.net/html5/construction-template/demo/includes/rev-slider/css/navigation.css]
[themes247.net/html5/construction-template/demo/assets/css/woocommerce.css]
[themes247.net/html5/construction-template/demo/assets/img/bg-section-1.jpg]
[themes247.net/html5/construction-template/demo/assets/img/bg-section-2.jpg]
[themes247.net/html5/construction-template/demo/assets/img/bg-section-3.jpg]
[themes247.net/html5/construction-template/demo/assets/img/bg-section-4.jpg]
[themes247.net/html5/construction-template/demo/assets/img/bg-section-5.jpg]
[themes247.net/html5/construction-template/demo/assets/img/5-stars.png]
[themes247.net/html5/construction-template/demo/assets/css/shortcodes.css]
[themes247.net/html5/construction-template/demo/assets/img/icon-plus.html]
[themes247.net/html5/construction-template/demo/page-project-detail-1.html]
[themes247.net/html5/construction-template/demo/assets/font/bootstrap/glyphicons-halflings-regular.svg]
[themes247.net/html5/construction-template/demo/assets/font/construction/fontello79ad.svg]
[themes247.net/html5/construction-template/demo/assets/font/fontawesome/fontawesome-webfont3e6e.svg]
[themes247.net/html5/construction-template/demo/assets/css/grabbing.html]
[themes247.net/html5/construction-template/demo/assets/css/AjaxLoader.html]
[themes247.net/html5/construction-template/demo/assets/img/cbp-sprite.html]
[themes247.net/html5/construction-template/demo/includes/rev-slider/fonts/revicons/revicons90c690c6.svg]
[themes247.net/html5/construction-template/demo/assets/img/star.html]
